exports[`add site config Validates configs with unsupported options 1`] = `"The site\'s gatsby.config.js failed validation"`;

exports[`add site config allow you to add basic site config 1`] = `
Object {
  "config": Object {
    "plugins": Array [],
    "siteMetadata": Object {
      "title": "yo testing",
    },
  },
}
`;
