// Jest Snapshot v1, https://goo.gl/fbAQLP

exports[`webpack utils js returns default values without any options 1`] = `
Object {
  "exclude": /\\(node_modules\\|bower_components\\)/,
  "test": /\\\\\\.\\(js\\|mjs\\|jsx\\)\\$/,
  "type": "javascript/auto",
  "use": Array [
    Object {
      "loader": "<PROJECT_ROOT>/packages/gatsby/src/utils/babel-loader.js",
      "options": Object {},
    },
  ],
}
`;

exports[`webpack utils js returns default values without any options 2`] = `
Object {
  "exclude": /@babel\\(\\?:\\\\/\\|\\\\\\\\\\{1,2\\}\\)runtime\\|core-js/,
  "test": /\\\\\\.\\(js\\|mjs\\)\\$/,
  "type": "javascript/auto",
  "use": Array [
    Object {
      "loader": "<PROJECT_ROOT>/packages/gatsby/src/utils/babel-loader.js",
      "options": Object {
        "babelrc": false,
        "compact": false,
        "configFile": false,
        "presets": Array [
          Array [
            "<PROJECT_ROOT>/packages/babel-preset-gatsby/dependencies.js",
            Object {
              "stage": "develop",
            },
          ],
        ],
        "sourceMaps": false,
      },
    },
  ],
}
`;
