// Jest Snapshot v1, https://goo.gl/fbAQLP

exports[`SSR is run for a page when it is requested 1`] = `"<!DOCTYPE html><html><head><meta charSet=\\"utf-8\\"/><meta http-equiv=\\"x-ua-compatible\\" content=\\"ie=edge\\"/><meta name=\\"viewport\\" content=\\"width=device-width, initial-scale=1, shrink-to-fit=no\\"/><meta name=\\"note\\" content=\\"environment=development\\"/><script src=\\"/socket.io/socket.io.js\\"></script></head><body><div id=\\"___gatsby\\"><div style=\\"outline:none\\" tabindex=\\"-1\\" id=\\"gatsby-focus-wrapper\\"><div>Hello world</div></div><div id=\\"gatsby-announcer\\" style=\\"position:absolute;top:0;width:1px;height:1px;padding:0;overflow:hidden;clip:rect(0, 0, 0, 0);white-space:nowrap;border:0\\" aria-live=\\"assertive\\" aria-atomic=\\"true\\"></div></div><script src=\\"/polyfill.js\\" nomodule=\\"\\"></script><script src=\\"/commons.js\\"></script></body></html>"`;

exports[`SSR it generates an error page correctly 1`] = `
"<title>Develop SSR Error</title><h1>Error<h1>
        <h2>The page didn't SSR correctly</h2>
        <ul>
          <li><strong>URL path:</strong> <code>/bad-page/</code></li>
          <li><strong>File path:</strong> <code>src/pages/bad-page.js</code></li>
        </ul>
        <h3>error message</h3>
        <p><code>window is not defined</code></p><pre style=\\"background:#fdfaf6;padding:8px;\\"><span style=\\"font-weight:normal;opacity:1;color:#452475;background:#fdfaf6;\\"> <span style=\\"color:#527713;\\"> 2 | </span></span>
<span style=\\"font-weight:normal;opacity:1;color:#452475;background:#fdfaf6;\\"> <span style=\\"color:#527713;\\"> 3 | </span><span style=\\"color:#006500;\\">const</span> <span style=\\"color:#DB3A00;\\">Component</span> <span style=\\"color:#DB3A00;\\">=</span> () <span style=\\"color:#DB3A00;\\">=></span> {</span>
<span style=\\"font-weight:normal;opacity:1;color:#452475;background:#fdfaf6;\\"><span style=\\"color:#096fb3;\\"><span style=\\"font-weight:bold;\\">></span></span><span style=\\"color:#527713;\\"> 4 | </span>  <span style=\\"color:#006500;\\">const</span> a <span style=\\"color:#DB3A00;\\">=</span> window<span style=\\"color:#DB3A00;\\">.</span>width</span>
<span style=\\"font-weight:normal;opacity:1;color:#452475;background:#fdfaf6;\\"> <span style=\\"color:#527713;\\">   | </span>            <span style=\\"color:#096fb3;\\"><span style=\\"font-weight:bold;\\">^</span></span></span>
<span style=\\"font-weight:normal;opacity:1;color:#452475;background:#fdfaf6;\\"> <span style=\\"color:#527713;\\"> 5 | </span></span>
<span style=\\"font-weight:normal;opacity:1;color:#452475;background:#fdfaf6;\\"> <span style=\\"color:#527713;\\"> 6 | </span>  <span style=\\"color:#006500;\\">return</span> <span style=\\"color:#DB3A00;\\"><</span><span style=\\"color:#DB3A00;\\">div</span><span style=\\"color:#DB3A00;\\">></span>hi<span style=\\"color:#DB3A00;\\"><</span><span style=\\"color:#DB3A00;\\">/</span><span style=\\"color:#DB3A00;\\">div</span><span style=\\"color:#DB3A00;\\">></span></span>
<span style=\\"font-weight:normal;opacity:1;color:#452475;background:#fdfaf6;\\"> <span style=\\"color:#527713;\\"> 7 | </span>}</span></pre>
      <p>For help debugging SSR errors, see this docs page: <a
      href=\\"https://www.gatsbyjs.com/docs/debugging-html-builds/\\">https://www.gatsbyjs.com/docs/debugging-html-builds/</a></p>
        <h3>Skip SSR</h3>
        <p>If you don't wish to fix the SSR error at the moment, press the
        button below to reload the page without attempting SSR</p>
        <p><strong>Note</strong>: this error will show up in when you build your site so must be fixed before then.</p>
        <p><strong>Caveat</strong>: SSR errors in module scope i.e. outside of your components can't be skipped so will need fixed before you can continue</p>
        <button onclick='refreshWithQueryString()'>Skip SSR</button>
        <script>
          function refreshWithQueryString() {
            if ('URLSearchParams' in window) {
              var searchParams = new URLSearchParams(window.location.search);
              searchParams.set(\\"skip-ssr\\", \\"true\\");
              window.location.search = searchParams.toString();
            }
          }
          </script>
        "
`;
