// Jest Snapshot v1, https://goo.gl/fbAQLP

exports[`gatsby-remark-responsive-iframe transforms an iframe 1`] = `
"
          <div
            class=\\"gatsby-resp-iframe-wrapper\\"
            style=\\"padding-bottom: 66.66666666666666%; position: relative; height: 0; overflow: hidden;\\"
          >
            
          </div>
          "
`;

exports[`gatsby-remark-responsive-iframe transforms an object 1`] = `
"
          <div
            class=\\"gatsby-resp-iframe-wrapper\\"
            style=\\"padding-bottom: 66.66666666666666%; position: relative; height: 0; overflow: hidden;\\"
          >
            
          </div>
          "
`;
