// Jest Snapshot v1, https://goo.gl/fbAQLP

exports[`it should error if invalid jsx is passed 1`] = `
Object {
  "location": Object {
    "column": 4,
    "line": 2,
  },
  "validationError": "Could not parse \\"<File path=\\"./hi.md\\" contentz=\\"#yo\\" /
    \\"",
}
`;

exports[`it should error if no src or recipePath has been given 1`] = `
Object {
  "validationError": "A recipe must be specified",
}
`;

exports[`it should error if part of the recipe fails schema validation 1`] = `
Array [
  Object {
    "resource": "File",
    "resourceDeclaration": Object {
      "contentz": "#yo",
      "path": "./hi.md",
    },
    "step": 1,
    "validationError": Object {
      "_object": Object {
        "contentz": "#yo",
        "path": "./hi.md",
      },
      "details": Array [
        Object {
          "context": Object {
            "child": "contentz",
            "key": "contentz",
            "label": "contentz",
            "value": "#yo",
          },
          "message": "\\"contentz\\" is not allowed",
          "path": Array [
            "contentz",
          ],
          "type": "object.allowUnknown",
        },
      ],
      "isJoi": true,
      "name": "ValidationError",
    },
  },
]
`;

exports[`it should error if the introduction step has a command 1`] = `
Array [
  Object {
    "resource": "File",
    "step": 0,
    "validationError": "Resources e.g. File should not be placed in the introduction step",
  },
]
`;

exports[`should create plan for File resources 1`] = `
Array [
  Object {
    "currentState": "",
    "describe": "Write ./hi.md",
    "diff": "[31m- Original  - 0[39m
[32m+ Modified  + 1[39m

[32m+ #yo[39m",
    "newState": "#yo",
    "resourceDefinitions": Object {
      "content": "#yo",
      "path": "./hi.md",
    },
    "resourceName": "File",
  },
]
`;

exports[`should store created/changed/deleted resources on the context after applying plan 1`] = `
Array [
  Array [
    Object {
      "_message": "Wrote file ./hi.md",
      "content": "#yo",
      "id": "./hi.md",
      "path": "./hi.md",
    },
    Object {
      "_message": "Wrote file ./hi2.md",
      "content": "#yo",
      "id": "./hi2.md",
      "path": "./hi2.md",
    },
  ],
  Array [
    Object {
      "_message": "Wrote file ./hi3.md",
      "content": "#yo",
      "id": "./hi3.md",
      "path": "./hi3.md",
    },
  ],
]
`;
