// Jest Snapshot v1, https://goo.gl/fbAQLP

exports[`Process image nodes correctly correctly creates an ImageSharp node from a file image node 1`] = `Array []`;

exports[`Process image nodes correctly correctly creates an ImageSharp node from a file image node 2`] = `Array []`;
